[2026-08-06 15:55:42Z INFO HostContext] No proxy settings were found based on environmental variables (http_proxy/https_proxy/HTTP_PROXY/HTTPS_PROXY)
[2026-08-06 15:55:42Z INFO HostContext] Well known directory 'Bin': 'C:\Users\ouday\Repo\projetApresUniversite\demo\demo\actions-runner\bin'
[2026-08-06 15:55:42Z INFO HostContext] Well known directory 'Root': 'C:\Users\ouday\Repo\projetApresUniversite\demo\demo\actions-runner'
[2026-08-06 15:55:42Z INFO HostContext] Well known config file 'Credentials': 'C:\Users\ouday\Repo\projetApresUniversite\demo\demo\actions-runner\.credentials'
[2026-08-06 15:55:42Z INFO HostContext] Well known directory 'Bin': 'C:\Users\ouday\Repo\projetApresUniversite\demo\demo\actions-runner\bin'
[2026-08-06 15:55:42Z INFO HostContext] Well known directory 'Root': 'C:\Users\ouday\Repo\projetApresUniversite\demo\demo\actions-runner'
[2026-08-06 15:55:42Z INFO HostContext] Well known config file 'Runner': 'C:\Users\ouday\Repo\projetApresUniversite\demo\demo\actions-runner\.runner'
[2026-08-06 15:55:43Z INFO Listener] Runner is built for Windows (X64) - win-x64.
[2026-08-06 15:55:43Z INFO Listener] RuntimeInformation: Microsoft Windows 10.0.26200.
[2026-08-06 15:55:43Z INFO Listener] Version: 2.336.0
[2026-08-06 15:55:43Z INFO Listener] Commit: 98aabcd429c4e8402406c56ce2d26387fed3b9ce
[2026-08-06 15:55:43Z INFO Listener] Culture: fr-CA
[2026-08-06 15:55:43Z INFO Listener] UI Culture: fr-CA
[2026-08-06 15:55:43Z INFO HostContext] Well known directory 'Bin': 'C:\Users\ouday\Repo\projetApresUniversite\demo\demo\actions-runner\bin'
[2026-08-06 15:55:43Z INFO HostContext] Well known directory 'Root': 'C:\Users\ouday\Repo\projetApresUniversite\demo\demo\actions-runner'
[2026-08-06 15:55:43Z INFO Listener] Validating directory permissions for: 'C:\Users\ouday\Repo\projetApresUniversite\demo\demo\actions-runner'
[2026-08-06 15:55:43Z INFO CommandLineParser] Parse
[2026-08-06 15:55:43Z INFO CommandLineParser] Parsing 1 args
[2026-08-06 15:55:43Z INFO CommandLineParser] parsing argument
[2026-08-06 15:55:43Z INFO CommandLineParser] HasArgs: False
[2026-08-06 15:55:43Z INFO CommandLineParser] Adding Command: run
[2026-08-06 15:55:43Z INFO Listener] Arguments parsed
[2026-08-06 15:55:43Z INFO Runner] ExecuteCommand
[2026-08-06 15:55:43Z INFO ConfigurationStore] currentAssemblyLocation: C:\Users\ouday\Repo\projetApresUniversite\demo\demo\actions-runner\bin\Runner.Listener.dll
[2026-08-06 15:55:43Z INFO HostContext] Well known directory 'Bin': 'C:\Users\ouday\Repo\projetApresUniversite\demo\demo\actions-runner\bin'
[2026-08-06 15:55:43Z INFO ConfigurationStore] binPath: C:\Users\ouday\Repo\projetApresUniversite\demo\demo\actions-runner\bin
[2026-08-06 15:55:43Z INFO HostContext] Well known directory 'Bin': 'C:\Users\ouday\Repo\projetApresUniversite\demo\demo\actions-runner\bin'
[2026-08-06 15:55:43Z INFO HostContext] Well known directory 'Root': 'C:\Users\ouday\Repo\projetApresUniversite\demo\demo\actions-runner'
[2026-08-06 15:55:43Z INFO ConfigurationStore] RootFolder: C:\Users\ouday\Repo\projetApresUniversite\demo\demo\actions-runner
[2026-08-06 15:55:43Z INFO HostContext] Well known directory 'Bin': 'C:\Users\ouday\Repo\projetApresUniversite\demo\demo\actions-runner\bin'
[2026-08-06 15:55:43Z INFO HostContext] Well known directory 'Root': 'C:\Users\ouday\Repo\projetApresUniversite\demo\demo\actions-runner'
[2026-08-06 15:55:43Z INFO HostContext] Well known config file 'Runner': 'C:\Users\ouday\Repo\projetApresUniversite\demo\demo\actions-runner\.runner'
[2026-08-06 15:55:43Z INFO ConfigurationStore] ConfigFilePath: C:\Users\ouday\Repo\projetApresUniversite\demo\demo\actions-runner\.runner
[2026-08-06 15:55:43Z INFO HostContext] Well known directory 'Bin': 'C:\Users\ouday\Repo\projetApresUniversite\demo\demo\actions-runner\bin'
[2026-08-06 15:55:43Z INFO HostContext] Well known directory 'Root': 'C:\Users\ouday\Repo\projetApresUniversite\demo\demo\actions-runner'
[2026-08-06 15:55:43Z INFO HostContext] Well known config file 'MigratedRunner': 'C:\Users\ouday\Repo\projetApresUniversite\demo\demo\actions-runner\.runner_migrated'
[2026-08-06 15:55:43Z INFO ConfigurationStore] MigratedConfigFilePath: C:\Users\ouday\Repo\projetApresUniversite\demo\demo\actions-runner\.runner_migrated
[2026-08-06 15:55:43Z INFO HostContext] Well known directory 'Bin': 'C:\Users\ouday\Repo\projetApresUniversite\demo\demo\actions-runner\bin'
[2026-08-06 15:55:43Z INFO HostContext] Well known directory 'Root': 'C:\Users\ouday\Repo\projetApresUniversite\demo\demo\actions-runner'
[2026-08-06 15:55:43Z INFO HostContext] Well known config file 'Credentials': 'C:\Users\ouday\Repo\projetApresUniversite\demo\demo\actions-runner\.credentials'
[2026-08-06 15:55:43Z INFO ConfigurationStore] CredFilePath: C:\Users\ouday\Repo\projetApresUniversite\demo\demo\actions-runner\.credentials
[2026-08-06 15:55:43Z INFO HostContext] Well known directory 'Bin': 'C:\Users\ouday\Repo\projetApresUniversite\demo\demo\actions-runner\bin'
[2026-08-06 15:55:43Z INFO HostContext] Well known directory 'Root': 'C:\Users\ouday\Repo\projetApresUniversite\demo\demo\actions-runner'
[2026-08-06 15:55:43Z INFO HostContext] Well known config file 'MigratedCredentials': 'C:\Users\ouday\Repo\projetApresUniversite\demo\demo\actions-runner\.credentials_migrated'
[2026-08-06 15:55:43Z INFO ConfigurationStore] MigratedCredFilePath: C:\Users\ouday\Repo\projetApresUniversite\demo\demo\actions-runner\.credentials_migrated
[2026-08-06 15:55:43Z INFO HostContext] Well known directory 'Bin': 'C:\Users\ouday\Repo\projetApresUniversite\demo\demo\actions-runner\bin'
[2026-08-06 15:55:43Z INFO HostContext] Well known directory 'Root': 'C:\Users\ouday\Repo\projetApresUniversite\demo\demo\actions-runner'
[2026-08-06 15:55:43Z INFO HostContext] Well known config file 'Service': 'C:\Users\ouday\Repo\projetApresUniversite\demo\demo\actions-runner\.service'
[2026-08-06 15:55:43Z INFO ConfigurationStore] ServiceConfigFilePath: C:\Users\ouday\Repo\projetApresUniversite\demo\demo\actions-runner\.service
[2026-08-06 15:55:43Z INFO CommandSettings] Flag 'help': 'False'
[2026-08-06 15:55:43Z INFO CommandSettings] Flag 'version': 'False'
[2026-08-06 15:55:43Z INFO CommandSettings] Flag 'commit': 'False'
[2026-08-06 15:55:43Z INFO CommandSettings] Flag 'check': 'False'
[2026-08-06 15:55:43Z INFO CommandSettings] Command 'configure': 'False'
[2026-08-06 15:55:43Z INFO CommandSettings] Command 'remove': 'False'
[2026-08-06 15:55:43Z INFO CommandSettings] Command 'warmup': 'False'
[2026-08-06 15:55:43Z INFO ConfigurationManager] LoadSettings
[2026-08-06 15:55:43Z INFO ConfigurationStore] IsConfigured()
[2026-08-06 15:55:43Z INFO ConfigurationStore] IsConfigured: True
[2026-08-06 15:55:43Z INFO ConfigurationManager] Is configured: True
[2026-08-06 15:55:43Z INFO ConfigurationStore] Read setting file: 414 chars
[2026-08-06 15:55:43Z INFO ConfigurationManager] Settings Loaded
[2026-08-06 15:55:43Z INFO ConfigurationStore] IsServiceConfigured()
[2026-08-06 15:55:43Z INFO ConfigurationStore] IsServiceConfigured: False
[2026-08-06 15:55:43Z INFO CommandSettings] Command 'run': 'True'
[2026-08-06 15:55:43Z INFO ConfigurationStore] IsConfigured()
[2026-08-06 15:55:43Z INFO ConfigurationStore] IsConfigured: True
[2026-08-06 15:55:43Z INFO ConfigurationManager] Is configured: True
[2026-08-06 15:55:43Z INFO Runner] Could not parse the argument value '' for StartupType. Defaulting to Manual
[2026-08-06 15:55:43Z INFO Runner] Set runner startup type - Manual
[2026-08-06 15:55:43Z INFO CommandSettings] Flag 'once': 'False'
[2026-08-06 15:55:43Z INFO CommandSettings] Flag 'once': 'False'
[2026-08-06 15:55:43Z INFO Runner] RunAsync
[2026-08-06 15:55:43Z INFO HostContext] Well known directory 'Bin': 'C:\Users\ouday\Repo\projetApresUniversite\demo\demo\actions-runner\bin'
[2026-08-06 15:55:43Z INFO HostContext] Well known directory 'Root': 'C:\Users\ouday\Repo\projetApresUniversite\demo\demo\actions-runner'
[2026-08-06 15:55:43Z INFO HostContext] Well known directory 'Work': 'C:\Users\ouday\Repo\projetApresUniversite\demo\demo\actions-runner\_work'
[2026-08-06 15:55:43Z INFO Runner] Validating directory permissions for: 'C:\Users\ouday\Repo\projetApresUniversite\demo\demo\actions-runner\_work'
[2026-08-06 15:55:43Z INFO ConfigurationManager] LoadMigratedSettings
[2026-08-06 15:55:43Z INFO ConfigurationStore] IsMigratedConfigured()
[2026-08-06 15:55:43Z INFO ConfigurationStore] IsMigratedConfigured: False
[2026-08-06 15:55:43Z INFO Runner] Failed to load migrated settings: No migrated configuration found.
[2026-08-06 15:55:43Z INFO Runner] Falling back to original .runner settings
[2026-08-06 15:55:43Z INFO Runner] Using BrokerMessageListener
[2026-08-06 15:55:43Z INFO BrokerMessageListener] Using provided settings
[2026-08-06 15:55:43Z INFO BrokerMessageListener] {
  "AgentId": 21,
  "AgentName": "uday-windows-runner",
  "PoolId": 1,
  "PoolName": "Default",
  "ServerUrl": "https://pipelinesghubeus10.actions.githubusercontent.com/UkAcYi8HoF716IWxNPIB2BuJqJkWfIlzPlc4c8jeIOuzaW2tLF/",
  "GitHubUrl": "https://github.com/oudayaldandal/hello-kubernetes",
  "WorkFolder": "_work",
  "UseV2Flow": true,
  "ServerUrlV2": "https://broker.actions.githubusercontent.com/"
}
[2026-08-06 15:55:43Z INFO BrokerMessageListener] Loading Credentials
[2026-08-06 15:55:43Z INFO ConfigurationStore] HasCredentials()
[2026-08-06 15:55:43Z INFO ConfigurationStore] stored True
[2026-08-06 15:55:43Z INFO CredentialManager] GetCredentialProvider
[2026-08-06 15:55:43Z INFO CredentialManager] Creating type OAuth
[2026-08-06 15:55:43Z INFO CredentialManager] Creating credential type: OAuth
[2026-08-06 15:55:43Z INFO HostContext] Well known directory 'Bin': 'C:\Users\ouday\Repo\projetApresUniversite\demo\demo\actions-runner\bin'
[2026-08-06 15:55:43Z INFO HostContext] Well known directory 'Root': 'C:\Users\ouday\Repo\projetApresUniversite\demo\demo\actions-runner'
[2026-08-06 15:55:43Z INFO HostContext] Well known config file 'RSACredentials': 'C:\Users\ouday\Repo\projetApresUniversite\demo\demo\actions-runner\.credentials_rsaparams'
[2026-08-06 15:55:43Z INFO RSAEncryptedFileKeyManager] Loading RSA key parameters from file C:\Users\ouday\Repo\projetApresUniversite\demo\demo\actions-runner\.credentials_rsaparams
[2026-08-06 15:55:43Z INFO BrokerMessageListener] Attempt to create session.
[2026-08-06 15:55:43Z INFO BrokerMessageListener] Connecting to the Broker Server...
[2026-08-06 15:55:43Z INFO ConfigurationStore] HasCredentials()
[2026-08-06 15:55:43Z INFO ConfigurationStore] stored True
[2026-08-06 15:55:43Z INFO CredentialManager] GetCredentialProvider
[2026-08-06 15:55:43Z INFO CredentialManager] Creating type OAuth
[2026-08-06 15:55:43Z INFO CredentialManager] Creating credential type: OAuth
[2026-08-06 15:55:43Z INFO RSAEncryptedFileKeyManager] Loading RSA key parameters from file C:\Users\ouday\Repo\projetApresUniversite\demo\demo\actions-runner\.credentials_rsaparams
[2026-08-06 15:55:43Z INFO BrokerMessageListener] VssConnection created
[2026-08-06 15:55:43Z INFO BrokerMessageListener] Connecting to the Runner server...
[2026-08-06 15:55:43Z INFO RunnerServer] EstablishVssConnection
[2026-08-06 15:55:43Z INFO RunnerServer] Establish connection with 100 seconds timeout.
[2026-08-06 15:55:43Z INFO GitHubActionsService] Starting operation Location.GetConnectionData
[2026-08-06 15:55:43Z INFO RunnerServer] EstablishVssConnection
[2026-08-06 15:55:43Z INFO RunnerServer] Establish connection with 60 seconds timeout.
[2026-08-06 15:55:43Z INFO GitHubActionsService] Starting operation Location.GetConnectionData
[2026-08-06 15:55:43Z INFO RunnerServer] EstablishVssConnection
[2026-08-06 15:55:43Z INFO RunnerServer] Establish connection with 60 seconds timeout.
[2026-08-06 15:55:43Z INFO GitHubActionsService] Starting operation Location.GetConnectionData
[2026-08-06 15:55:43Z INFO GitHubActionsService] Finished operation Location.GetConnectionData
[2026-08-06 15:55:43Z INFO GitHubActionsService] Finished operation Location.GetConnectionData
[2026-08-06 15:55:43Z INFO GitHubActionsService] Finished operation Location.GetConnectionData
[2026-08-06 15:55:44Z INFO BrokerMessageListener] VssConnection created
[2026-08-06 15:55:44Z INFO Terminal] WRITE LINE: 
[2026-08-06 15:55:44Z INFO Terminal] WRITE LINE: 
[2026-08-06 15:55:44Z INFO RSAEncryptedFileKeyManager] Loading RSA key parameters from file C:\Users\ouday\Repo\projetApresUniversite\demo\demo\actions-runner\.credentials_rsaparams
[2026-08-06 15:55:44Z INFO RSAEncryptedFileKeyManager] Loading RSA key parameters from file C:\Users\ouday\Repo\projetApresUniversite\demo\demo\actions-runner\.credentials_rsaparams
[2026-08-06 15:55:44Z INFO GitHubActionsService] AAD Correlation ID for this token request: Unknown
[2026-08-06 15:55:44Z INFO BrokerMessageListener] Session created.
[2026-08-06 15:55:44Z INFO Terminal] WRITE LINE: Current runner version: '2.336.0'
[2026-08-06 15:55:44Z INFO Terminal] WRITE LINE: 2026-08-06 15:55:44Z: Listening for Jobs
[2026-08-06 15:55:44Z INFO JobDispatcher] Set runner/worker IPC timeout to 30 seconds.
[2026-08-06 15:55:45Z INFO BrokerMessageListener] Acknowledging runner request '1c86e588-1d53-5516-bd70-7f40d44ab0c7'.
[2026-08-06 15:55:45Z INFO ConfigurationStore] HasCredentials()
[2026-08-06 15:55:45Z INFO ConfigurationStore] stored True
[2026-08-06 15:55:45Z INFO CredentialManager] GetCredentialProvider
[2026-08-06 15:55:45Z INFO CredentialManager] Creating type OAuth
[2026-08-06 15:55:45Z INFO CredentialManager] Creating credential type: OAuth
[2026-08-06 15:55:45Z INFO RSAEncryptedFileKeyManager] Loading RSA key parameters from file C:\Users\ouday\Repo\projetApresUniversite\demo\demo\actions-runner\.credentials_rsaparams
[2026-08-06 15:55:45Z INFO RSAEncryptedFileKeyManager] Loading RSA key parameters from file C:\Users\ouday\Repo\projetApresUniversite\demo\demo\actions-runner\.credentials_rsaparams
[2026-08-06 15:55:45Z INFO RSAEncryptedFileKeyManager] Loading RSA key parameters from file C:\Users\ouday\Repo\projetApresUniversite\demo\demo\actions-runner\.credentials_rsaparams
[2026-08-06 15:55:45Z INFO GitHubActionsService] AAD Correlation ID for this token request: Unknown
[2026-08-06 15:55:50Z ERR  GitHubActionsService] POST request to https://run-actions-3-azure-eastus.actions.githubusercontent.com/219/acquirejob failed. HTTP Status: InternalServerError
[2026-08-06 15:55:50Z ERR  RunServer] Catch exception during request
[2026-08-06 15:55:50Z ERR  RunServer] System.Exception: Failed to get job message: Error: Internal Server Error. {"source":"actions-run-service","statusCode":500,"errorMessage":"Internal Server Error"}
   at GitHub.Actions.RunService.WebApi.RunServiceHttpClient.GetJobMessageAsync(Uri requestUri, String messageId, String runnerOS, String billingOwnerId, CancellationToken cancellationToken)
   at GitHub.Runner.Common.RunServer.<>c__DisplayClass6_0.<<GetJobMessageAsync>b__0>d.MoveNext()
--- End of stack trace from previous location ---
   at GitHub.Runner.Common.RunnerService.RetryRequest[T](Func`1 func, CancellationToken cancellationToken, Int32 maxAttempts, Func`2 shouldRetry)
[2026-08-06 15:55:50Z WARN RunServer] Back off 5,483 seconds before next retry. 4 attempt left.
[2026-08-06 15:56:01Z ERR  GitHubActionsService] POST request to https://run-actions-3-azure-eastus.actions.githubusercontent.com/219/acquirejob failed. HTTP Status: InternalServerError
[2026-08-06 15:56:01Z ERR  RunServer] Catch exception during request
[2026-08-06 15:56:01Z ERR  RunServer] System.Exception: Failed to get job message: Error: Internal Server Error. {"source":"actions-run-service","statusCode":500,"errorMessage":"Internal Server Error"}
   at GitHub.Actions.RunService.WebApi.RunServiceHttpClient.GetJobMessageAsync(Uri requestUri, String messageId, String runnerOS, String billingOwnerId, CancellationToken cancellationToken)
   at GitHub.Runner.Common.RunServer.<>c__DisplayClass6_0.<<GetJobMessageAsync>b__0>d.MoveNext()
--- End of stack trace from previous location ---
   at GitHub.Runner.Common.RunnerService.RetryRequest[T](Func`1 func, CancellationToken cancellationToken, Int32 maxAttempts, Func`2 shouldRetry)
[2026-08-06 15:56:01Z WARN RunServer] Back off 11,66 seconds before next retry. 3 attempt left.
[2026-08-06 15:56:13Z WARN GitHubActionsService] Attempt 1 of POST request to https://run-actions-3-azure-eastus.actions.githubusercontent.com/219/acquirejob failed (HTTP Status: ServiceUnavailable). The operation will be retried in 11,174 seconds.
[2026-08-06 15:56:24Z WARN GitHubActionsService] Attempt 2 of POST request to https://run-actions-3-azure-eastus.actions.githubusercontent.com/219/acquirejob failed (HTTP Status: ServiceUnavailable). The operation will be retried in 12,466 seconds.
[2026-08-06 15:56:36Z WARN GitHubActionsService] Attempt 3 of POST request to https://run-actions-3-azure-eastus.actions.githubusercontent.com/219/acquirejob failed (HTTP Status: ServiceUnavailable). The operation will be retried in 15,901 seconds.
[2026-08-06 15:56:52Z ERR  GitHubActionsService] Attempt 4 of POST request to https://run-actions-3-azure-eastus.actions.githubusercontent.com/219/acquirejob failed (HTTP Status: ServiceUnavailable). The maximum number of attempts has been reached.
[2026-08-06 15:56:52Z ERR  RunServer] Catch exception during request
[2026-08-06 15:56:52Z ERR  RunServer] System.Exception: Failed to get job message: Error: Service Unavailable. upstream connect error or disconnect/reset before headers. reset reason: overflow
   at GitHub.Actions.RunService.WebApi.RunServiceHttpClient.GetJobMessageAsync(Uri requestUri, String messageId, String runnerOS, String billingOwnerId, CancellationToken cancellationToken)
   at GitHub.Runner.Common.RunServer.<>c__DisplayClass6_0.<<GetJobMessageAsync>b__0>d.MoveNext()
--- End of stack trace from previous location ---
   at GitHub.Runner.Common.RunnerService.RetryRequest[T](Func`1 func, CancellationToken cancellationToken, Int32 maxAttempts, Func`2 shouldRetry)
[2026-08-06 15:56:52Z WARN RunServer] Back off 12,594 seconds before next retry. 2 attempt left.
[2026-08-06 15:57:05Z ERR  GitHubActionsService] POST request to https://run-actions-3-azure-eastus.actions.githubusercontent.com/219/acquirejob failed. HTTP Status: InternalServerError
[2026-08-06 15:57:05Z ERR  RunServer] Catch exception during request
[2026-08-06 15:57:05Z ERR  RunServer] System.Exception: Failed to get job message: Error: Internal Server Error. {"source":"actions-run-service","statusCode":500,"errorMessage":"Internal Server Error"}
   at GitHub.Actions.RunService.WebApi.RunServiceHttpClient.GetJobMessageAsync(Uri requestUri, String messageId, String runnerOS, String billingOwnerId, CancellationToken cancellationToken)
   at GitHub.Runner.Common.RunServer.<>c__DisplayClass6_0.<<GetJobMessageAsync>b__0>d.MoveNext()
--- End of stack trace from previous location ---
   at GitHub.Runner.Common.RunnerService.RetryRequest[T](Func`1 func, CancellationToken cancellationToken, Int32 maxAttempts, Func`2 shouldRetry)
[2026-08-06 15:57:05Z WARN RunServer] Back off 10,341 seconds before next retry. 1 attempt left.
[2026-08-06 15:57:20Z ERR  GitHubActionsService] POST request to https://run-actions-3-azure-eastus.actions.githubusercontent.com/219/acquirejob failed. HTTP Status: InternalServerError
[2026-08-06 15:57:20Z ERR  Runner] Caught exception from acquiring job message: System.Exception: Failed to get job message: Error: Internal Server Error. {"source":"actions-run-service","statusCode":500,"errorMessage":"Internal Server Error"}
   at GitHub.Actions.RunService.WebApi.RunServiceHttpClient.GetJobMessageAsync(Uri requestUri, String messageId, String runnerOS, String billingOwnerId, CancellationToken cancellationToken)
   at GitHub.Runner.Common.RunServer.<>c__DisplayClass6_0.<<GetJobMessageAsync>b__0>d.MoveNext()
--- End of stack trace from previous location ---
   at GitHub.Runner.Common.RunnerService.RetryRequest[T](Func`1 func, CancellationToken cancellationToken, Int32 maxAttempts, Func`2 shouldRetry)
   at GitHub.Runner.Listener.Runner.RunAsync(RunnerSettings settings, Boolean runOnce, Boolean returnRunOnceJobResult)
[2026-08-06 15:57:20Z INFO BrokerMessageListener] Acknowledging runner request '1c86e588-1d53-5516-bd70-7f40d44ab0c7'.
[2026-08-06 15:57:20Z INFO ConfigurationStore] HasCredentials()
[2026-08-06 15:57:20Z INFO ConfigurationStore] stored True
[2026-08-06 15:57:20Z INFO CredentialManager] GetCredentialProvider
[2026-08-06 15:57:20Z INFO CredentialManager] Creating type OAuth
[2026-08-06 15:57:20Z INFO CredentialManager] Creating credential type: OAuth
[2026-08-06 15:57:20Z INFO RSAEncryptedFileKeyManager] Loading RSA key parameters from file C:\Users\ouday\Repo\projetApresUniversite\demo\demo\actions-runner\.credentials_rsaparams
[2026-08-06 15:57:20Z INFO RSAEncryptedFileKeyManager] Loading RSA key parameters from file C:\Users\ouday\Repo\projetApresUniversite\demo\demo\actions-runner\.credentials_rsaparams
[2026-08-06 15:57:20Z INFO RSAEncryptedFileKeyManager] Loading RSA key parameters from file C:\Users\ouday\Repo\projetApresUniversite\demo\demo\actions-runner\.credentials_rsaparams
[2026-08-06 15:57:20Z INFO GitHubActionsService] AAD Correlation ID for this token request: Unknown
[2026-08-06 15:57:21Z WARN GitHubActionsService] Attempt 1 of POST request to https://run-actions-3-azure-eastus.actions.githubusercontent.com/219/acquirejob failed (HTTP Status: ServiceUnavailable). The operation will be retried in 11,101 seconds.
[2026-08-06 15:57:33Z ERR  GitHubActionsService] POST request to https://run-actions-3-azure-eastus.actions.githubusercontent.com/219/acquirejob failed. HTTP Status: NotFound
[2026-08-06 15:57:33Z INFO Runner] Skipping message Job. Job message not found '1c86e588-1d53-5516-bd70-7f40d44ab0c7'. job was canceled
[2026-08-06 15:57:33Z INFO BrokerMessageListener] Acknowledging runner request '1c86e588-1d53-5516-bd70-7f40d44ab0c7'.
[2026-08-06 15:57:33Z INFO ConfigurationStore] HasCredentials()
[2026-08-06 15:57:33Z INFO ConfigurationStore] stored True
[2026-08-06 15:57:33Z INFO CredentialManager] GetCredentialProvider
[2026-08-06 15:57:33Z INFO CredentialManager] Creating type OAuth
[2026-08-06 15:57:33Z INFO CredentialManager] Creating credential type: OAuth
[2026-08-06 15:57:33Z INFO RSAEncryptedFileKeyManager] Loading RSA key parameters from file C:\Users\ouday\Repo\projetApresUniversite\demo\demo\actions-runner\.credentials_rsaparams
[2026-08-06 15:57:33Z INFO RSAEncryptedFileKeyManager] Loading RSA key parameters from file C:\Users\ouday\Repo\projetApresUniversite\demo\demo\actions-runner\.credentials_rsaparams
[2026-08-06 15:57:33Z INFO RSAEncryptedFileKeyManager] Loading RSA key parameters from file C:\Users\ouday\Repo\projetApresUniversite\demo\demo\actions-runner\.credentials_rsaparams
[2026-08-06 15:57:34Z INFO GitHubActionsService] AAD Correlation ID for this token request: Unknown
[2026-08-06 15:57:34Z WARN GitHubActionsService] Attempt 1 of POST request to https://run-actions-3-azure-eastus.actions.githubusercontent.com/219/acquirejob failed (HTTP Status: ServiceUnavailable). The operation will be retried in 10,854 seconds.
[2026-08-06 15:57:45Z WARN GitHubActionsService] Attempt 2 of POST request to https://run-actions-3-azure-eastus.actions.githubusercontent.com/219/acquirejob failed (HTTP Status: ServiceUnavailable). The operation will be retried in 13,084 seconds.
[2026-08-06 15:57:58Z WARN GitHubActionsService] Attempt 3 of POST request to https://run-actions-3-azure-eastus.actions.githubusercontent.com/219/acquirejob failed (HTTP Status: ServiceUnavailable). The operation will be retried in 16,895 seconds.
[2026-08-06 15:58:15Z ERR  GitHubActionsService] Attempt 4 of POST request to https://run-actions-3-azure-eastus.actions.githubusercontent.com/219/acquirejob failed (HTTP Status: ServiceUnavailable). The maximum number of attempts has been reached.
[2026-08-06 15:58:15Z ERR  RunServer] Catch exception during request
[2026-08-06 15:58:15Z ERR  RunServer] System.Exception: Failed to get job message: Error: Service Unavailable. upstream connect error or disconnect/reset before headers. reset reason: overflow
   at GitHub.Actions.RunService.WebApi.RunServiceHttpClient.GetJobMessageAsync(Uri requestUri, String messageId, String runnerOS, String billingOwnerId, CancellationToken cancellationToken)
   at GitHub.Runner.Common.RunServer.<>c__DisplayClass6_0.<<GetJobMessageAsync>b__0>d.MoveNext()
--- End of stack trace from previous location ---
   at GitHub.Runner.Common.RunnerService.RetryRequest[T](Func`1 func, CancellationToken cancellationToken, Int32 maxAttempts, Func`2 shouldRetry)
[2026-08-06 15:58:15Z WARN RunServer] Back off 7,744 seconds before next retry. 4 attempt left.
[2026-08-06 15:58:22Z WARN GitHubActionsService] Attempt 1 of POST request to https://run-actions-3-azure-eastus.actions.githubusercontent.com/219/acquirejob failed (HTTP Status: ServiceUnavailable). The operation will be retried in 11,08 seconds.
[2026-08-06 15:58:39Z ERR  GitHubActionsService] POST request to https://run-actions-3-azure-eastus.actions.githubusercontent.com/219/acquirejob failed. HTTP Status: Conflict
[2026-08-06 15:58:39Z INFO Runner] Skipping message Job. Job message already acquired '1c86e588-1d53-5516-bd70-7f40d44ab0c7'. job assignment is invalid: MissingKey
[2026-08-06 15:58:39Z WARN ErrorThrottler] Back off 1 seconds before next attempt. Current consecutive error count: 2
[2026-08-06 16:03:44Z INFO BrokerMessageListener] Acknowledging runner request '954fcdbe-5361-5c1f-94d0-1f13ba00cc73'.
[2026-08-06 16:03:44Z INFO ConfigurationStore] HasCredentials()
[2026-08-06 16:03:44Z INFO ConfigurationStore] stored True
[2026-08-06 16:03:44Z INFO CredentialManager] GetCredentialProvider
[2026-08-06 16:03:44Z INFO CredentialManager] Creating type OAuth
[2026-08-06 16:03:44Z INFO CredentialManager] Creating credential type: OAuth
[2026-08-06 16:03:44Z INFO RSAEncryptedFileKeyManager] Loading RSA key parameters from file C:\Users\ouday\Repo\projetApresUniversite\demo\demo\actions-runner\.credentials_rsaparams
[2026-08-06 16:03:44Z INFO RSAEncryptedFileKeyManager] Loading RSA key parameters from file C:\Users\ouday\Repo\projetApresUniversite\demo\demo\actions-runner\.credentials_rsaparams
[2026-08-06 16:03:44Z INFO RSAEncryptedFileKeyManager] Loading RSA key parameters from file C:\Users\ouday\Repo\projetApresUniversite\demo\demo\actions-runner\.credentials_rsaparams
[2026-08-06 16:03:44Z INFO GitHubActionsService] AAD Correlation ID for this token request: Unknown
[2026-08-06 16:03:44Z WARN GitHubActionsService] Attempt 1 of POST request to https://run-actions-1-azure-eastus.actions.githubusercontent.com/253/acquirejob failed (HTTP Status: ServiceUnavailable). The operation will be retried in 11,011 seconds.
[2026-08-06 16:03:55Z WARN GitHubActionsService] Attempt 2 of POST request to https://run-actions-1-azure-eastus.actions.githubusercontent.com/253/acquirejob failed (HTTP Status: ServiceUnavailable). The operation will be retried in 13,045 seconds.
[2026-08-06 16:04:08Z WARN GitHubActionsService] Attempt 3 of POST request to https://run-actions-1-azure-eastus.actions.githubusercontent.com/253/acquirejob failed (HTTP Status: ServiceUnavailable). The operation will be retried in 17,448 seconds.
[2026-08-06 16:04:38Z ERR  GitHubActionsService] Attempt 4 of POST request to https://run-actions-1-azure-eastus.actions.githubusercontent.com/253/acquirejob failed (HTTP Status: InternalServerError). The maximum number of attempts has been reached.
[2026-08-06 16:04:38Z ERR  RunServer] Catch exception during request
[2026-08-06 16:04:38Z ERR  RunServer] System.Exception: Failed to get job message: Error: Internal Server Error. {"source":"actions-run-service","statusCode":500,"errorMessage":"Internal Server Error"}
   at GitHub.Actions.RunService.WebApi.RunServiceHttpClient.GetJobMessageAsync(Uri requestUri, String messageId, String runnerOS, String billingOwnerId, CancellationToken cancellationToken)
   at GitHub.Runner.Common.RunServer.<>c__DisplayClass6_0.<<GetJobMessageAsync>b__0>d.MoveNext()
--- End of stack trace from previous location ---
   at GitHub.Runner.Common.RunnerService.RetryRequest[T](Func`1 func, CancellationToken cancellationToken, Int32 maxAttempts, Func`2 shouldRetry)
[2026-08-06 16:04:38Z WARN RunServer] Back off 12,868 seconds before next retry. 4 attempt left.
[2026-08-06 16:04:51Z WARN GitHubActionsService] Attempt 1 of POST request to https://run-actions-1-azure-eastus.actions.githubusercontent.com/253/acquirejob failed (HTTP Status: ServiceUnavailable). The operation will be retried in 10,88 seconds.
[2026-08-06 16:05:02Z WARN GitHubActionsService] Attempt 2 of POST request to https://run-actions-1-azure-eastus.actions.githubusercontent.com/253/acquirejob failed (HTTP Status: ServiceUnavailable). The operation will be retried in 13,018 seconds.
[2026-08-06 16:05:15Z WARN GitHubActionsService] Attempt 3 of POST request to https://run-actions-1-azure-eastus.actions.githubusercontent.com/253/acquirejob failed (HTTP Status: ServiceUnavailable). The operation will be retried in 15,677 seconds.
[2026-08-06 16:05:31Z ERR  GitHubActionsService] Attempt 4 of POST request to https://run-actions-1-azure-eastus.actions.githubusercontent.com/253/acquirejob failed (HTTP Status: ServiceUnavailable). The maximum number of attempts has been reached.
[2026-08-06 16:05:31Z ERR  RunServer] Catch exception during request
[2026-08-06 16:05:31Z ERR  RunServer] System.Exception: Failed to get job message: Error: Service Unavailable. upstream connect error or disconnect/reset before headers. reset reason: overflow
   at GitHub.Actions.RunService.WebApi.RunServiceHttpClient.GetJobMessageAsync(Uri requestUri, String messageId, String runnerOS, String billingOwnerId, CancellationToken cancellationToken)
   at GitHub.Runner.Common.RunServer.<>c__DisplayClass6_0.<<GetJobMessageAsync>b__0>d.MoveNext()
--- End of stack trace from previous location ---
   at GitHub.Runner.Common.RunnerService.RetryRequest[T](Func`1 func, CancellationToken cancellationToken, Int32 maxAttempts, Func`2 shouldRetry)
[2026-08-06 16:05:31Z WARN RunServer] Back off 12,85 seconds before next retry. 3 attempt left.
[2026-08-06 16:05:44Z WARN GitHubActionsService] Attempt 1 of POST request to https://run-actions-1-azure-eastus.actions.githubusercontent.com/253/acquirejob failed (HTTP Status: ServiceUnavailable). The operation will be retried in 11,197 seconds.
[2026-08-06 16:05:56Z WARN GitHubActionsService] Attempt 2 of POST request to https://run-actions-1-azure-eastus.actions.githubusercontent.com/253/acquirejob failed (HTTP Status: ServiceUnavailable). The operation will be retried in 13,069 seconds.
[2026-08-06 16:06:12Z ERR  GitHubActionsService] POST request to https://run-actions-1-azure-eastus.actions.githubusercontent.com/253/acquirejob failed. HTTP Status: NotFound
[2026-08-06 16:06:12Z INFO Runner] Skipping message Job. Job message not found '954fcdbe-5361-5c1f-94d0-1f13ba00cc73'. job was canceled
[2026-08-06 16:06:12Z WARN ErrorThrottler] Back off 1,934 seconds before next attempt. Current consecutive error count: 3
[2026-08-06 16:06:14Z INFO BrokerMessageListener] Acknowledging runner request '954fcdbe-5361-5c1f-94d0-1f13ba00cc73'.
[2026-08-06 16:06:15Z INFO ConfigurationStore] HasCredentials()
[2026-08-06 16:06:15Z INFO ConfigurationStore] stored True
[2026-08-06 16:06:15Z INFO CredentialManager] GetCredentialProvider
[2026-08-06 16:06:15Z INFO CredentialManager] Creating type OAuth
[2026-08-06 16:06:15Z INFO CredentialManager] Creating credential type: OAuth
[2026-08-06 16:06:15Z INFO RSAEncryptedFileKeyManager] Loading RSA key parameters from file C:\Users\ouday\Repo\projetApresUniversite\demo\demo\actions-runner\.credentials_rsaparams
[2026-08-06 16:06:15Z INFO RSAEncryptedFileKeyManager] Loading RSA key parameters from file C:\Users\ouday\Repo\projetApresUniversite\demo\demo\actions-runner\.credentials_rsaparams
[2026-08-06 16:06:15Z INFO RSAEncryptedFileKeyManager] Loading RSA key parameters from file C:\Users\ouday\Repo\projetApresUniversite\demo\demo\actions-runner\.credentials_rsaparams
[2026-08-06 16:06:15Z INFO GitHubActionsService] AAD Correlation ID for this token request: Unknown
[2026-08-06 16:06:15Z WARN GitHubActionsService] Attempt 1 of POST request to https://run-actions-1-azure-eastus.actions.githubusercontent.com/253/acquirejob failed (HTTP Status: ServiceUnavailable). The operation will be retried in 10,924 seconds.
[2026-08-06 16:06:34Z WARN GitHubActionsService] Attempt 2 of POST request to https://run-actions-1-azure-eastus.actions.githubusercontent.com/253/acquirejob failed (HTTP Status: ServiceUnavailable). The operation will be retried in 13,441 seconds.
[2026-08-06 16:06:47Z WARN GitHubActionsService] Attempt 3 of POST request to https://run-actions-1-azure-eastus.actions.githubusercontent.com/253/acquirejob failed (HTTP Status: ServiceUnavailable). The operation will be retried in 16,258 seconds.
[2026-08-06 16:07:07Z ERR  GitHubActionsService] Attempt 4 of POST request to https://run-actions-1-azure-eastus.actions.githubusercontent.com/253/acquirejob failed (HTTP Status: ServiceUnavailable). The maximum number of attempts has been reached.
[2026-08-06 16:07:07Z ERR  RunServer] Catch exception during request
[2026-08-06 16:07:07Z ERR  RunServer] System.Exception: Failed to get job message: Error: Service Unavailable. upstream connect error or disconnect/reset before headers. reset reason: overflow
   at GitHub.Actions.RunService.WebApi.RunServiceHttpClient.GetJobMessageAsync(Uri requestUri, String messageId, String runnerOS, String billingOwnerId, CancellationToken cancellationToken)
   at GitHub.Runner.Common.RunServer.<>c__DisplayClass6_0.<<GetJobMessageAsync>b__0>d.MoveNext()
--- End of stack trace from previous location ---
   at GitHub.Runner.Common.RunnerService.RetryRequest[T](Func`1 func, CancellationToken cancellationToken, Int32 maxAttempts, Func`2 shouldRetry)
[2026-08-06 16:07:07Z WARN RunServer] Back off 12,4 seconds before next retry. 4 attempt left.
[2026-08-06 16:07:20Z WARN GitHubActionsService] Attempt 1 of POST request to https://run-actions-1-azure-eastus.actions.githubusercontent.com/253/acquirejob failed (HTTP Status: ServiceUnavailable). The operation will be retried in 10,918 seconds.
[2026-08-06 16:07:34Z WARN GitHubActionsService] Attempt 2 of POST request to https://run-actions-1-azure-eastus.actions.githubusercontent.com/253/acquirejob failed (HTTP Status: ServiceUnavailable). The operation will be retried in 12,976 seconds.
[2026-08-06 16:07:47Z WARN GitHubActionsService] Attempt 3 of POST request to https://run-actions-1-azure-eastus.actions.githubusercontent.com/253/acquirejob failed (HTTP Status: ServiceUnavailable). The operation will be retried in 18,008 seconds.
[2026-08-06 16:08:07Z ERR  GitHubActionsService] Attempt 4 of POST request to https://run-actions-1-azure-eastus.actions.githubusercontent.com/253/acquirejob failed (HTTP Status: ServiceUnavailable). The maximum number of attempts has been reached.
[2026-08-06 16:08:07Z ERR  RunServer] Catch exception during request
[2026-08-06 16:08:07Z ERR  RunServer] System.Exception: Failed to get job message: Error: Service Unavailable. upstream connect error or disconnect/reset before headers. reset reason: overflow
   at GitHub.Actions.RunService.WebApi.RunServiceHttpClient.GetJobMessageAsync(Uri requestUri, String messageId, String runnerOS, String billingOwnerId, CancellationToken cancellationToken)
   at GitHub.Runner.Common.RunServer.<>c__DisplayClass6_0.<<GetJobMessageAsync>b__0>d.MoveNext()
--- End of stack trace from previous location ---
   at GitHub.Runner.Common.RunnerService.RetryRequest[T](Func`1 func, CancellationToken cancellationToken, Int32 maxAttempts, Func`2 shouldRetry)
[2026-08-06 16:08:07Z WARN RunServer] Back off 5,815 seconds before next retry. 3 attempt left.
[2026-08-06 16:08:43Z WARN GitHubActionsService] Attempt 1 of POST request to https://run-actions-1-azure-eastus.actions.githubusercontent.com/253/acquirejob failed (HTTP Status: ServiceUnavailable). The operation will be retried in 10,863 seconds.
[2026-08-06 16:08:54Z WARN GitHubActionsService] Attempt 2 of POST request to https://run-actions-1-azure-eastus.actions.githubusercontent.com/253/acquirejob failed (HTTP Status: ServiceUnavailable). The operation will be retried in 13,144 seconds.
[2026-08-06 16:09:07Z WARN GitHubActionsService] Attempt 3 of POST request to https://run-actions-1-azure-eastus.actions.githubusercontent.com/253/acquirejob failed (HTTP Status: ServiceUnavailable). The operation will be retried in 15,677 seconds.
[2026-08-06 16:09:23Z ERR  GitHubActionsService] Attempt 4 of POST request to https://run-actions-1-azure-eastus.actions.githubusercontent.com/253/acquirejob failed (HTTP Status: ServiceUnavailable). The maximum number of attempts has been reached.
[2026-08-06 16:09:23Z ERR  RunServer] Catch exception during request
[2026-08-06 16:09:23Z ERR  RunServer] System.Exception: Failed to get job message: Error: Service Unavailable. upstream connect error or disconnect/reset before headers. reset reason: overflow
   at GitHub.Actions.RunService.WebApi.RunServiceHttpClient.GetJobMessageAsync(Uri requestUri, String messageId, String runnerOS, String billingOwnerId, CancellationToken cancellationToken)
   at GitHub.Runner.Common.RunServer.<>c__DisplayClass6_0.<<GetJobMessageAsync>b__0>d.MoveNext()
--- End of stack trace from previous location ---
   at GitHub.Runner.Common.RunnerService.RetryRequest[T](Func`1 func, CancellationToken cancellationToken, Int32 maxAttempts, Func`2 shouldRetry)
[2026-08-06 16:09:23Z WARN RunServer] Back off 11,567 seconds before next retry. 2 attempt left.
[2026-08-06 16:09:34Z WARN GitHubActionsService] Attempt 1 of POST request to https://run-actions-1-azure-eastus.actions.githubusercontent.com/253/acquirejob failed (HTTP Status: ServiceUnavailable). The operation will be retried in 11,126 seconds.
[2026-08-06 16:09:46Z WARN GitHubActionsService] Attempt 2 of POST request to https://run-actions-1-azure-eastus.actions.githubusercontent.com/253/acquirejob failed (HTTP Status: ServiceUnavailable). The operation will be retried in 13,147 seconds.
[2026-08-06 16:09:48Z INFO Terminal] WRITE LINE: Exiting...
[2026-08-06 16:09:48Z INFO ConfigurationStore] IsServiceConfigured()
[2026-08-06 16:09:48Z INFO ConfigurationStore] IsServiceConfigured: False
[2026-08-06 16:09:48Z INFO HostContext] Runner will be shutdown for UserCancelled
[2026-08-06 16:09:48Z ERR  RunServer] Catch exception during request
[2026-08-06 16:09:48Z ERR  RunServer] System.Threading.Tasks.TaskCanceledException: A task was canceled.
 ---> System.Threading.Tasks.TaskCanceledException: A task was canceled.
   at GitHub.Services.Common.VssHttpRetryMessageHandler.SendAsync(HttpRequestMessage request, CancellationToken cancellationToken)
   at System.Net.Http.HttpClient.<SendAsync>g__Core|83_0(HttpRequestMessage request, HttpCompletionOption completionOption, CancellationTokenSource cts, Boolean disposeCts, CancellationTokenSource pendingRequestsCts, CancellationToken originalCancellationToken)
   --- End of inner exception stack trace ---
   at System.Net.Http.HttpClient.HandleFailure(Exception e, Boolean telemetryStarted, HttpResponseMessage response, CancellationTokenSource cts, CancellationToken cancellationToken, CancellationTokenSource pendingRequestsCts)
   at System.Net.Http.HttpClient.<SendAsync>g__Core|83_0(HttpRequestMessage request, HttpCompletionOption completionOption, CancellationTokenSource cts, Boolean disposeCts, CancellationTokenSource pendingRequestsCts, CancellationToken originalCancellationToken)
   at Sdk.WebApi.WebApi.RawHttpClientBase.SendAsync(HttpRequestMessage message, HttpCompletionOption completionOption, Object userState, CancellationToken cancellationToken)
   at Sdk.WebApi.WebApi.RawHttpClientBase.SendAsync[T](HttpRequestMessage message, Boolean readErrorBody, Object userState, CancellationToken cancellationToken)
   at Sdk.WebApi.WebApi.RawHttpClientBase.SendAsync[T](HttpMethod method, IEnumerable`1 additionalHeaders, Uri requestUri, HttpContent content, IEnumerable`1 queryParameters, Boolean readErrorBody, Object userState, CancellationToken cancellationToken)
   at GitHub.Actions.RunService.WebApi.RunServiceHttpClient.GetJobMessageAsync(Uri requestUri, String messageId, String runnerOS, String billingOwnerId, CancellationToken cancellationToken)
   at GitHub.Runner.Common.RunServer.<>c__DisplayClass6_0.<<GetJobMessageAsync>b__0>d.MoveNext()
--- End of stack trace from previous location ---
   at GitHub.Runner.Common.RunnerService.RetryRequest[T](Func`1 func, CancellationToken cancellationToken, Int32 maxAttempts, Func`2 shouldRetry)
[2026-08-06 16:09:48Z ERR  RunServer] #####################################################
[2026-08-06 16:09:48Z ERR  RunServer] System.Threading.Tasks.TaskCanceledException: A task was canceled.
   at GitHub.Services.Common.VssHttpRetryMessageHandler.SendAsync(HttpRequestMessage request, CancellationToken cancellationToken)
   at System.Net.Http.HttpClient.<SendAsync>g__Core|83_0(HttpRequestMessage request, HttpCompletionOption completionOption, CancellationTokenSource cts, Boolean disposeCts, CancellationTokenSource pendingRequestsCts, CancellationToken originalCancellationToken)
[2026-08-06 16:09:48Z WARN RunServer] Back off 11,1 seconds before next retry. 1 attempt left.
[2026-08-06 16:09:48Z ERR  Runner] Caught exception from acquiring job message: System.Threading.Tasks.TaskCanceledException: A task was canceled.
   at GitHub.Runner.Common.RunnerService.RetryRequest[T](Func`1 func, CancellationToken cancellationToken, Int32 maxAttempts, Func`2 shouldRetry)
   at GitHub.Runner.Listener.Runner.RunAsync(RunnerSettings settings, Boolean runOnce, Boolean returnRunOnceJobResult)
[2026-08-06 16:09:48Z INFO JobDispatcher] Shutting down JobDispatcher. Make sure all WorkerDispatcher has finished.
[2026-08-06 16:09:48Z INFO Runner] Deleting Runner Session...
[2026-08-06 16:09:48Z INFO Listener] Runner execution has finished with return code 0
